  DB.cpp
  HtmlParser.cpp
D:\libs\libpqxx\include\pqxx\internal\header-pre.hxx(57,10): error C1083: Не удается открыть файл включение: pqxx/config-public-compiler.h: No such file or directory,
  (компиляция исходного файла "DB.cpp")
  
  Please define _WIN32_WINNT or _WIN32_WINDOWS appropriately. For example:
  - add -D_WIN32_WINNT=0x0601 to the compiler command line; or
  - add _WIN32_WINNT=0x0601 to your project's Preprocessor Definitions.
  Assuming _WIN32_WINNT=0x0601 (i.e. Windows 7 target).
  HttpClient.cpp
  Please define _WIN32_WINNT or _WIN32_WINDOWS appropriately. For example:
  - add -D_WIN32_WINNT=0x0601 to the compiler command line; or
  - add _WIN32_WINNT=0x0601 to your project's Preprocessor Definitions.
  Assuming _WIN32_WINNT=0x0601 (i.e. Windows 7 target).
  main.cpp
  Please define _WIN32_WINNT or _WIN32_WINDOWS appropriately. For example:
  - add -D_WIN32_WINNT=0x0601 to the compiler command line; or
  - add _WIN32_WINNT=0x0601 to your project's Preprocessor Definitions.
  Assuming _WIN32_WINNT=0x0601 (i.e. Windows 7 target).
D:\libs\libpqxx\include\pqxx\internal\header-pre.hxx(57,10): error C1083: Не удается открыть файл включение: pqxx/config-public-compiler.h: No such file or directory,
  (компиляция исходного файла "main.cpp")
  
  spyder.cpp
  Please define _WIN32_WINNT or _WIN32_WINDOWS appropriately. For example:
  - add -D_WIN32_WINNT=0x0601 to the compiler command line; or
  - add _WIN32_WINNT=0x0601 to your project's Preprocessor Definitions.
  Assuming _WIN32_WINNT=0x0601 (i.e. Windows 7 target).
D:\libs\libpqxx\include\pqxx\internal\header-pre.hxx(57,10): error C1083: Не удается открыть файл включение: pqxx/config-public-compiler.h: No such file or directory,
  (компиляция исходного файла "spyder.cpp")
  
  threadPool.cpp
  Please define _WIN32_WINNT or _WIN32_WINDOWS appropriately. For example:
  - add -D_WIN32_WINNT=0x0601 to the compiler command line; or
  - add _WIN32_WINNT=0x0601 to your project's Preprocessor Definitions.
  Assuming _WIN32_WINNT=0x0601 (i.e. Windows 7 target).
D:\libs\libpqxx\include\pqxx\internal\header-pre.hxx(57,10): error C1083: Не удается открыть файл включение: pqxx/config-public-compiler.h: No such file or directory,
  (компиляция исходного файла "threadPool.cpp")
  
  Создание кода...
