c:\users\андрей\source\repos\netology\netology\x64\debug\vc143.pdb
c:\users\андрей\source\repos\netology\netology\x64\debug\vc143.idb
c:\users\андрей\source\repos\netology\netology\x64\debug\threadpool.obj
c:\users\андрей\source\repos\netology\netology\x64\debug\spyder.obj
c:\users\андрей\source\repos\netology\netology\x64\debug\main.obj
c:\users\андрей\source\repos\netology\netology\x64\debug\httpclient.obj
c:\users\андрей\source\repos\netology\netology\x64\debug\htmlparser.obj
c:\users\андрей\source\repos\netology\netology\x64\debug\db.obj
c:\users\андрей\source\repos\netology\x64\debug\netology.pdb
c:\users\андрей\source\repos\netology\netology\x64\debug\netology.tlog\cl.command.1.tlog
c:\users\андрей\source\repos\netology\netology\x64\debug\netology.tlog\cl.read.1.tlog
c:\users\андрей\source\repos\netology\netology\x64\debug\netology.tlog\cl.write.1.tlog
c:\users\андрей\source\repos\netology\netology\x64\debug\netology.tlog\link-cvtres.read.1.tlog
c:\users\андрей\source\repos\netology\netology\x64\debug\netology.tlog\link-cvtres.write.1.tlog
c:\users\андрей\source\repos\netology\netology\x64\debug\netology.tlog\link-rc.read.1.tlog
c:\users\андрей\source\repos\netology\netology\x64\debug\netology.tlog\link-rc.write.1.tlog
c:\users\андрей\source\repos\netology\netology\x64\debug\netology.tlog\link.command.1.tlog
c:\users\андрей\source\repos\netology\netology\x64\debug\netology.tlog\link.read.1.tlog
c:\users\андрей\source\repos\netology\netology\x64\debug\netology.tlog\link.read.2.tlog
c:\users\андрей\source\repos\netology\netology\x64\debug\netology.tlog\link.write.1.tlog
